// Jest Snapshot v1, https://goo.gl/fbAQLP

exports[`CurrencySelect renders correct template 1`] = `
<select
  aria-label="Currency selector"
  class="border px-3 py-2 rounded-lg bg-white"
>
  <option
    value=""
  >
    Select currency
  </option>
   
  <option
    value="UAH"
  >
    UAH - Ukrainian hryvna
  </option>
  <option
    value="EUR"
  >
    EUR - Euro
  </option>
  <option
    value="USD"
  >
    USD - United States Dollar
  </option>
</select>
`;
