// Jest Snapshot v1, https://goo.gl/fbAQLP

exports[`CurrencyInput renders correct template 1`] = `
<input
  class="border px-3 py-2 rounded-lg"
/>
`;
